6FORTH A04 here.

Floating Point Forth Test Program V1
====================================

 A is now defined as a variable.
 B is now defined as a variable.

DO...LOOP and BEGIN...UNTIL:
 0.000 1.000 2.000 3.000 4.000 5.000 6.000 7.000 8.000 9.000 10.000
 10.000 9.000 8.000 7.000 6.000 5.000 4.000 3.000 2.000 1.000 0.000

Arithmetic Operations: 
 5.860
 0.420
 8.541
 1.154

Minimum and Maximum:
 2.720 is min
 3.140 is max

Zero and Sign Tests:
 5.000
 5.0 is positive
-5.0 is negative
 0 is zero

Stack Manipulation: 
 7.000 8.000 7.000
 3.000 4.000

Defining SQUARE word: 
 SQUARE is now defined as a word.
  5 SQUARE: 25.000

Defining CUBE word:
 CUBE is now defined as a word.
  9 CUBE: 729.000

Defining FACTORIAL word:
 FACTORIAL is now defined as a word.
  13 FACTORIAL: 6227020800.000

List new words:
 SQUARE: DUP *
 CUBE: DUP SQUARE *
 FACTORIAL: 1 SWAP 1 + 1 DO I * LOOP

Forgetting words:
 SQUARE forgotten.
 CUBE forgotten.
 FACTORIAL forgotten.

EMIT (letter A): A

Variable assignment:
 TEMP is now defined as a variable.
 100.000
 200.000

Equality testing:
 5 3 - 8 is not equal
 5 3 + 8 is equal

Listing vocabulary:
+ - * / = > < MIN MAX 0= 0> 0< ABS NOT . ." DROP DO LOOP I LEAVE BEGIN UNTIL WHILE REPEAT DUP SWAP ABORT COLD LIST CR @ ! VARIABLE : ; VLIST IF THEN ELSE FORGET OVER EMIT SAVE LOAD QUIT HELP ? 

Reset environment.
6FORTH A04 here.

Setup multiplication table:
 ROW is now defined as a word.
 ROWS is now defined as a word.

Multiplication Table:
 1.000 2.000 3.000 4.000 5.000 6.000 7.000 8.000 9.000 10.000
 2.000 4.000 6.000 8.000 10.000 12.000 14.000 16.000 18.000 20.000
 3.000 6.000 9.000 12.000 15.000 18.000 21.000 24.000 27.000 30.000
 4.000 8.000 12.000 16.000 20.000 24.000 28.000 32.000 36.000 40.000
 5.000 10.000 15.000 20.000 25.000 30.000 35.000 40.000 45.000 50.000
 6.000 12.000 18.000 24.000 30.000 36.000 42.000 48.000 54.000 60.000
 7.000 14.000 21.000 28.000 35.000 42.000 49.000 56.000 63.000 70.000
 8.000 16.000 24.000 32.000 40.000 48.000 56.000 64.000 72.000 80.000
 9.000 18.000 27.000 36.000 45.000 54.000 63.000 72.000 81.000 90.000
 10.000 20.000 30.000 40.000 50.000 60.000 70.000 80.000 90.000 100.000

Goodbye, cruel world.
